[p6h] 已解析: target/audit2/v2src174/主.cn 节点=110
[sem5] 正确诊断: [错误] 未声明标识符: x（行=13）
[sem5] 正确诊断: [错误] 复合赋值要求数值操作数: 字符串（行=14）
[sem5] 正确诊断: [错误] 下标对象须为字符串或指针: 数（行=15）
[sem5] 正确诊断: [错误] 下标左值赋值未支持（字符串下标只读）（行=16）
[sem5] 正确诊断: [错误] 赋值目标必须是可写左值（变量/成员/下标/解引用）（行=17）
[sem5] 正确诊断: [错误] 不能给常量赋值（常量初始化后不可修改）: 丙（行=18）
[sem5] 正确诊断: [错误] 未声明的标识符: 不存在::打印（模块 不存在 无符号 打印）（行=19）
[sem5] 正确诊断: [错误] 未声明的标识符: 不存在::打印（模块 不存在 无符号 打印）（行=19）
[sem5] 正确诊断: [错误] 三元两分支类型不一致: 字符串 与 整64（行=20）
[sem5] 正确诊断: [错误] 不能对常量自减（常量初始化后不可修改）: 丁（行=21）
[sem5] 正确诊断: [错误] 自减目标未声明: 未声明量（行=22）
[sem5] 正确诊断: [错误] 未声明标识符: 打开文件（行=23）
[sem5] 正确诊断: [错误] 未声明函数: 打开文件（行=23）
[sem5] 正确诊断: [错误] 结果/容器类型不支持字面量初始化（须为构造/方法/函数调用或同类型拷贝）: x（行=24）
[sem5] 语义错误 14 个，中止 IR 生成与代码生成（退出码 1）
