[ir1] 自检设置: 1
[ir1] 自检获取后
[ir1] 自检获取: 100
[p6h] 入口: target/audit2/v2src125/主.cn
[p6h] 已解析: target/audit2/v2src125/主.cn 节点=285
[sem5] 正确程序 错误数=0
[ir1] IR生成调用后 函数数=4
[ir1] 函数: 中途返回 返回类型码=2
[ir1] 函数: 循环中途返回 返回类型码=2
[ir1] 函数: 嵌套终止 返回类型码=2
[cg1] asm 行数=
[cg1] asm 已写 target/v2asm.asm
[sem5] 错误程序 错误数=1
[sem5] 诊断: [错误] 未声明标识符: x
