[p6h] 已解析: target/audit2/v2src252/主.cn 节点=36
[sem5] 正确诊断: [错误] 类名不能直接访问实例成员: 盒子.读值（须经实例；类名仅静态成员可直接访问——v2 类支持第一版无静态成员）（行=21）
[sem5] 正确诊断: [错误] 类名不能直接访问实例成员: 盒子.值（须经实例；类名仅静态成员可直接访问——v2 类支持第一版无静态成员）（行=22）
[sem5] 正确诊断: [错误] 类名不能直接访问实例成员: 盒子.值（须经实例；类名仅静态成员可直接访问——v2 类支持第一版无静态成员）（行=23）
[sem5] 语义错误 3 个，中止 IR 生成与代码生成（退出码 1）
