[p6h] 已解析: target/audit2/v2src210_v2/主.cn 节点=61
[sem5] 正确诊断: [错误] 函数返回类型 '字符串'=拥有契约，不能返回借用——须 字符串复制(...) 显式落堆，或改返回类型为 '字符*'（借用视图）（行=11）
[sem5] 正确诊断: [错误] 函数返回类型 '字符串'=拥有契约，不能返回借用——须 字符串复制(...) 显式落堆，或改返回类型为 '字符*'（借用视图）（行=14）
[sem5] 正确诊断: [错误] 下标对象须为字符串或指针: 池（行=17）
[sem5] 正确诊断: [错误] 函数返回类型 '字符串'=拥有契约，不能返回借用——须 字符串复制(...) 显式落堆，或改返回类型为 '字符*'（借用视图）（行=17）
[sem5] 正确诊断: [错误] 函数返回类型 '字符串'=拥有契约，不能返回借用——须 字符串复制(...) 显式落堆，或改返回类型为 '字符*'（借用视图）（行=23）
[sem5] 语义错误 5 个，中止 IR 生成与代码生成（退出码 1）
