===== 关键字穷举（规格书 01a 第五节，共 61 个）=====
关键字[1]: 如果|如果|1
关键字[2]: 否则|否则|1
关键字[3]: 当|当|1
关键字[4]: 循环|循环|1
关键字[5]: 返回|返回|1
关键字[6]: 中断|中断|1
关键字[7]: 继续|继续|1
关键字[8]: 选择|选择|1
关键字[9]: 情况|情况|1
关键字[10]: 默认|默认|1
关键字[11]: 整数|整数|1
关键字[12]: 小数|小数|1
关键字[13]: 整8|整8|1
关键字[14]: 整16|整16|1
关键字[15]: 整32|整32|1
关键字[16]: 整64|整64|1
关键字[17]: 整128|整128|1
关键字[18]: 正8|正8|1
关键字[19]: 正16|正16|1
关键字[20]: 正32|正32|1
关键字[21]: 正64|正64|1
关键字[22]: 正128|正128|1
关键字[23]: 浮32|浮32|1
关键字[24]: 浮64|浮64|1
关键字[25]: 布尔|布尔|1
关键字[26]: 字符|字符|1
关键字[27]: 字符串|字符串|1
关键字[28]: 空类型|空类型|1
关键字[29]: 结构体|结构体|1
关键字[30]: 联合体|联合体|1
关键字[31]: 枚举|枚举|1
关键字[32]: 函数|函数|1
关键字[33]: 变量|变量|1
关键字[34]: 导入|导入|1
关键字[35]: 公开|公开|1
关键字[36]: 私有|私有|1
关键字[37]: 静态|静态|1
关键字[38]: 模块|模块|1
关键字[39]: 作为|作为|1
关键字[40]: 包|包|1
关键字[41]: 货舱|货舱|1
关键字[42]: 真|真|1
关键字[43]: 假|假|1
关键字[44]: 无|无|1
关键字[45]: 常量|常量|1
关键字[46]: 类|类|1
关键字[47]: 接口|接口|1
关键字[48]: 保护|保护|1
关键字[49]: 虚拟|虚拟|1
关键字[50]: 重写|重写|1
关键字[51]: 抽象|抽象|1
关键字[52]: 实现|实现|1
关键字[53]: 自身|自身|1
关键字[54]: 父类|父类|1
关键字[55]: 友元|友元|1
关键字[56]: 结果|结果|1
关键字[57]: 可选|可选|1
关键字[58]: 原始|原始|1
关键字[59]: 多行|多行|1
关键字[60]: 泛型|泛型|1
关键字[61]: 自动|自动|1
非关键字记号: 文件结束||1
----------------------------------------
命中关键字数: 61 / 未命中(EOF等): 1
结果：全部 61 个关键字均识别为关键字类型（类型==文本）✓
===== 关键字穷举验证完成 =====
