[p6h] 已解析: target/audit2/v2src222/主.cn 节点=52
[sem5] 正确诊断: [错误] 混合符号赋值禁止：'整32' 与 '正8' —— 须显式转换（如 整64(表达式)/正64(表达式)）；字面量豁免（Rust 对齐，2026-09-10 方案A）（行=18）
[sem5] 正确诊断: [错误] 混合符号赋值禁止：'整64' 与 '正8' —— 须显式转换（如 整64(表达式)/正64(表达式)）；字面量豁免（Rust 对齐，2026-09-10 方案A）（行=23）
[sem5] 正确诊断: [错误] 混合符号赋值禁止：'整32' 与 '正8' —— 须显式转换（如 整64(表达式)/正64(表达式)）；字面量豁免（Rust 对齐，2026-09-10 方案A）（行=24）
[sem5] 正确诊断: [错误] 混合符号赋值禁止：'整64' 与 '正16' —— 须显式转换（如 整64(表达式)/正64(表达式)）；字面量豁免（Rust 对齐，2026-09-10 方案A）（行=27）
[sem5] 语义错误 4 个，中止 IR 生成与代码生成（退出码 1）
