[p6h] 已解析: target/audit2/v2src209/主.cn 节点=40
[sem5] 正确诊断: [错误] 字符串变量 's1' 不能以下标/成员/解引用借出隐式初始化——须 字符串复制(...) 显式落堆拥有化（字符* 借用视图随 plans/019 第三批）（行=13）
[sem5] 正确诊断: [错误] 字符串变量 's2' 不能以下标/成员/解引用借出隐式初始化——须 字符串复制(...) 显式落堆拥有化（字符* 借用视图随 plans/019 第三批）（行=16）
[sem5] 正确诊断: [错误] 字符串变量 's3' 不能以下标/成员/解引用借出隐式初始化——须 字符串复制(...) 显式落堆拥有化（字符* 借用视图随 plans/019 第三批）（行=18）
[sem5] 正确诊断: [安全区边界] 裸指针解引用应在 不安全 函数 内（指针解引用（*p））（行=18）
[sem5] 语义错误 4 个，中止 IR 生成与代码生成（退出码 1）
