===== 字符串扩展库（Task 6.5）=====
转整数(123): 123
转整数(-42): -42
转整数(abc) 失败
转整数(  99  ): 99
转浮点(3.14): 3.140000
转浮点(-0.5): -0.500000
转布尔(真): 1
转布尔(假): 0
转布尔(true): 1
替换(world→CN语言): hello CN语言
替换(xyz): hello world
替换多(a-b-c): a+b+c
填充左(42,5,'0'): 00042
填充右(42,5,'*'): 42***
填充左(超长): 12345
分割数量: 3
分割[0]: apple
分割[1]: banana
分割[2]: cherry
分割溢出错误码: 6
===== 字符串扩展库测试完成 =====
