===== 学生成绩管理系统（阶段2集成验证）=====
---- 原始名单 ----
  学生: 张三
  分数: 92.500000
  等级: 优秀
  学生: 李四
  分数: 78.000000
  等级: 良好
  学生: 王五
  分数: 55.500000
  等级: 不及格
  学生: 赵六
  分数: 66.500000
  等级: 及格
  学生: 钱七
  分数: 88.000000
  等级: 良好
---- 指针遍历（跳过索引2）----
  第0个: 张三
  第1个: 李四
---- 统计 ----
总人数: 5
平均分: 76.100000
---- 按分数排序（索引数组）----
  学生: 张三
  分数: 92.500000
  等级: 优秀
  学生: 钱七
  分数: 88.000000
  等级: 良好
  学生: 李四
  分数: 78.000000
  等级: 良好
  学生: 赵六
  分数: 66.500000
  等级: 及格
  学生: 王五
  分数: 55.500000
  等级: 不及格
---- 字符串 API ----
标题长度: 12
查找'报告': 6
查找'缺失': -1
连接: 张三 是第一名
原始串: C:\dir\file
多行: 第1行
第2行
---- 类型系统 ----
位与: 8
位或: 14
位异或: 6
位非: -13
左移: 48
右移: 6
后缀L: 5000000000
后缀U: 4000000000
浮32->浮64: 3.500000
整8+50: 150
整16-5000: 25000
---- 联合体 ----
联合体整64: 42
联合体写浮点后整64: 4615063718147915776
---- 空指针 ----
空指针判空: 正确
---- 枚举负数 ----
缺考值: -1
非优秀（默认分支）
---- 常量折叠 ----
折叠 2+3*4: 14
折叠 100/5: 20
折叠 1.5+2.25: 3.750000
DCE后: 100 200
===== 系统报告完成 =====
