===== 错误码契约（规格书07 附录B）=====
错误码共 8 类：1=除零 2=数组越界 3=空指针 4=内存分配
           5=文件打开 6=无效参数 7=资源未初始化 8=溢出
----------------------------------------
错误码1: 除零错误（错误码值=1）
错误码2: 数组越界（错误码值=2）
错误码3: 空指针解引用（错误码值=3）
错误码4: 内存分配失败（错误码值=4）
错误码5: 文件打开失败（错误码值=5）
错误码6: 无效参数（错误码值=6）
错误码7: 资源未初始化（错误码值=7）
错误码8: 溢出（错误码值=8）
----------------------------------------
契约覆盖统计：共覆盖 8 条错误码
除零码往返: 错误(1).错误=1 ✓
溢出码往返: 错误(8).错误=8 ✓
===== 错误码契约验证完成 =====
