[p6h] 已解析: target/audit2/v2src224/主.cn 节点=154
[sem5] 正确诊断: [错误] 借出视图 借出（来源容器 表）在容器作用域结束后仍被使用——容器析构已释放该元素（容器先亡=悬垂）；须在容器作用域内 字符串复制(...) 取拥有副本（行=22）
[sem5] 正确诊断: [错误] 借出视图 借出（来源容器 表）在容器作用域结束后仍被使用——容器析构已释放该元素（容器先亡=悬垂）；须在容器作用域内 字符串复制(...) 取拥有副本（行=36）
[sem5] 正确诊断: [错误] 借出视图 借出（来源容器 表）在容器作用域结束后仍被使用——容器析构已释放该元素（容器先亡=悬垂）；须在容器作用域内 字符串复制(...) 取拥有副本（行=51）
[sem5] 语义错误 3 个，中止 IR 生成与代码生成（退出码 1）
