[p6h] 已解析: target/audit2/v2src223/主.cn
[sem5] 正确诊断: [错误] 借出视图 借出（来源容器 表）在容器失效点（删除）之后仍被使用——该元素已被释放/移出（悬垂）；须先 字符串复制(...) 取拥有副本，或调整使用顺序（行=26）
[sem5] 正确诊断: [错误] 借出视图 读（来源容器 表）在容器失效点（设置）之后仍被使用——该元素已被释放/移出（悬垂）；须先 字符串复制(...) 取拥有副本，或调整使用顺序（行=41）
[sem5] 正确诊断: [错误] 借出视图 顶（来源容器 表）在容器失效点（弹出）之后仍被使用——该元素已被释放/移出（悬垂）；须先 字符串复制(...) 取拥有副本，或调整使用顺序（行=56）
[sem5] 正确诊断: [错误] 借出视图 首（来源容器 表）在容器失效点（出队）之后仍被使用——该元素已被释放/移出（悬垂）；须先 字符串复制(...) 取拥有副本，或调整使用顺序（行=71）
[sem5] 正确诊断: [错误] 借出视图 借出（来源容器 表）在容器失效点（删除头部）之后仍被使用——该元素已被释放/移出（悬垂）；须先 字符串复制(...) 取拥有副本，或调整使用顺序（行=82）
[sem5] 正确诊断: [错误] 借出视图 取（来源容器 表）在容器失效点（删除）之后仍被使用——该元素已被释放/移出（悬垂）；须先 字符串复制(...) 取拥有副本，或调整使用顺序（行=97）
[sem5] 语义错误 6 个，中止 IR 生成与代码生成（退出码 1）
