函数|函数|1
标识符|主|1
(|(|1
)|)|1
->|->|1
整32|整32|1
{|{|1
整64|整64|2
标识符|十六|2
=|=|2
整数字面量|0xFF|2
整64|整64|3
标识符|二进|3
=|=|3
整数字面量|0b1010|3
整64|整64|4
标识符|八进|4
=|=|4
整数字面量|0o777|4
整64|整64|5
标识符|大数|5
=|=|5
整数字面量|42LL|5
整64|整64|6
标识符|无符|6
=|=|6
整数字面量|42U|6
浮64|浮64|7
标识符|指数|7
=|=|7
浮点字面量|1.5e10|7
字符串|字符串|8
标识符|路径|8
=|=|8
原始|原始|8
字符串字面量|"C:\temp\file"|8
字符串|字符串|9
标识符|文档|9
=|=|9
多行|多行|9
字符串字面量|"""第一行
第二行"""|9
字符|字符|10
标识符|中字|10
=|=|10
字符字面量|'\u{4E2D}'|10
整64|整64|11
结果|结果|11
=|=|11
标识符|大数|11
<<=|<<=|11
整数字面量|2|11
整64|整64|12
标识符|结果2|12
=|=|12
标识符|大数|12
>>=|>>=|12
整数字面量|1|12
自动|自动|13
标识符|指针|13
=|=|13
&|&|13
标识符|中字|13
布尔|布尔|14
标识符|问号|14
=|=|14
真|真|14
?|?|14
假|假|14
:|:|14
真|真|14
如果|如果|15
(|(|15
标识符|结果2|15
>=|>=|15
整数字面量|0|15
&&|&&|15
标识符|指针|15
!=|!=|15
无|无|15
)|)|15
{|{|15
返回|返回|16
整数字面量|0|16
}|}|17
返回|返回|18
整数字面量|1|18
}|}|19
文件结束||20
