[p6h] 已解析: target/audit2/v2src192/主.cn 节点=40
[sem5] 正确诊断: [错误] 混合符号二元运算禁止：'正32' 与 '整64' —— 须显式转换（如 整64(表达式)/正64(表达式)）；字面量豁免（Rust 对齐，2026-09-10 方案A）（行=11）
[sem5] 正确诊断: [错误] 混合符号二元运算禁止：'整64' 与 '正32' —— 须显式转换（如 整64(表达式)/正64(表达式)）；字面量豁免（Rust 对齐，2026-09-10 方案A）（行=13）
[sem5] 正确诊断: [错误] 混合符号二元运算禁止：'整64' 与 '正64' —— 须显式转换（如 整64(表达式)/正64(表达式)）；字面量豁免（Rust 对齐，2026-09-10 方案A）（行=14）
[sem5] 正确诊断: [错误] 混合符号二元运算禁止：'正32' 与 '整64' —— 须显式转换（如 整64(表达式)/正64(表达式)）；字面量豁免（Rust 对齐，2026-09-10 方案A）（行=18）
[sem5] 语义错误 4 个，中止 IR 生成与代码生成（退出码 1）
