函数|函数|2
标识符|主|2
(|(|2
)|)|2
->|->|2
整32|整32|2
{|{|2
整64|整64|3
标识符|数量|3
=|=|3
整数字面量|42|3
浮64|浮64|4
标识符|比率|4
=|=|4
浮点字面量|3.14|4
字符串|字符串|5
标识符|名|5
=|=|5
字符串字面量|"你好\n世界"|5
字符|字符|6
标识符|字|6
=|=|6
字符字面量|'中'|6
布尔|布尔|7
标识符|标志|7
=|=|7
真|真|7
如果|如果|8
(|(|8
标识符|数量|8
>=|>=|8
整数字面量|42|8
&&|&&|8
标识符|标志|8
)|)|8
{|{|8
标识符|数量|9
++|++|9
}|}|10
否则|否则|10
{|{|10
标识符|数量|11
--|--|11
}|}|12
返回|返回|13
整数字面量|0|13
}|}|14
文件结束||17
