== IR ==
函数|主|0|
字面量|0
返回
返回空
== ASM ==
; ============================================
; CN语言编译器生成代码（Task 7.5 v2 自举后端）
; 目标平台: win-x64
; 汇编格式: Win x64 MASM
; ============================================

.data

.code
EXTERN printLine:PROC
EXTERN printNoLine:PROC
EXTERN __chkstk:PROC
EXTERN __cn_runtime_error:PROC
EXTERN __cn_object_new:PROC
EXTERN __cn_str_len:PROC
EXTERN __cn_str_eq:PROC
EXTERN __cn_str_find:PROC
EXTERN __cn_str_sub:PROC
EXTERN __cn_str_contains:PROC
EXTERN __cn_str_concat:PROC
EXTERN __cn_str_from_int:PROC
EXTERN __cn_str_from_char:PROC
EXTERN ?E59091E9878F24E5AD97E7ACA6E4B8B224E59091E9878F@@Y:PROC
EXTERN ?E59091E9878F24E5AD97E7ACA6E4B8B224E8BFBDE58AA0@@YPAX@Z:PROC
EXTERN ?E59091E9878F24E5AD97E7ACA6E4B8B224E58583E7B4A0@@YJ@Z:PROC
EXTERN ?E59091E9878F24E5AD97E7ACA6E4B8B224E5A4A7E5B08F@@Y:PROC
EXTERN ?E59091E9878F24E5AD97E7ACA6E4B8B224E588A0E999A4@@YJ@Z:PROC
EXTERN ?E59091E9878F24E5AD97E7ACA6E4B8B224E8AEBEE7BDAE@@YJPAX@Z:PROC

; 函数 主
cn_main PROC
push r12
push rbp
mov rbp, rsp
sub rsp, 544
mov r12, 0
mov rax, 0
mov [rbp-544+r12], rax
add r12, 8
sub r12, 8
mov rax, [rbp-544+r12]
mov rsp, rbp
pop rbp
pop r12
ret
mov rsp, rbp
pop rbp
pop r12
ret
mov rsp, rbp
pop rbp
pop r12
ret
cn_main ENDP

END
