===== 学生成绩统计工具（Task 6.11 全链路集成）=====
数据文件: tests/e2e/38_tool/成绩数据.txt
输出文件: target/输出结果.txt
跳过非法行: 1
学生总数: 5
===== 总分列表（排序前）=====
张三: 240
李四: 240
王五: 55
赵六: 180
周八: 270
向量大小(总分表): 5
总分去重数: 4
映射分布(240): 2
排序后: 55180240240270
平均分: 197
最高分: 270
最低分: 55
及格人数(≥60): 4
标准差: 76.785415
最高分出现次数: 1
二分查找240: 2
线性查找240: 2
二分查找999: -1
时间戳合理: 真
时间戳大于0: 真
日期长度=10: 真
日期分隔符: 真
===== 输出文件内容（读回验证）=====
===== 学生成绩统计报告 =====

学生总数: 5

平均分: 197

最高分: 270

最低分: 55

及格人数: 4

===== 报告结束 =====

===== 学生成绩统计工具运行完成 =====
