程序
  导入|容器
  导入符号|向量
  泛型类|容器|参数数=1
    分区|公开
    方法|容器|参数数=0
      块
        标识符|数量
        赋值|=
          字面量|0
    方法|追加|参数数=1
      参数|值
        类型|T
      返回类型
        类型|结果
      块
        标识符|数量
        后缀|++
        返回
          标识符|正常
          调用|参数数=0
    修饰|常量
    方法|大小|参数数=0
      返回类型
        类型|整64
      块
        返回
          标识符|数量
    分区|私有
    字段|数量
      类型|整64
  结构体|点
    字段|x
      类型|整64
    字段|y
      类型|整64
  枚举|颜色
    枚举成员|红
    枚举成员|绿
    枚举成员|蓝
  函数|计算|参数数=2
    参数|a
      类型|整64
    参数|b
      类型|整64
    返回类型
      类型|整64
    块
      变量|总和
        类型|整64
        标识符|a
        二元|+
          标识符|b
          二元|*
            字面量|2
      如果
        标识符|总和
        二元|>=
          字面量|10
        二元|&&
          标识符|a
          二元|!=
            标识符|b
        块
          返回
            标识符|总和
            二元|-
              字面量|1
      否则
        如果
          标识符|a
          二元|<
            标识符|b
          块
            返回
              标识符|b
        否则
          块
            返回
              字面量|0
      当
        标识符|总和
        二元|>
          字面量|0
        块
          标识符|总和
          后缀|--
      循环
        变量|i
          类型|整64
          字面量|0
        标识符|i
        二元|<
          标识符|总和
        标识符|i
        后缀|++
        块
          标识符|总和
          赋值|+=
            标识符|i
      选择
        标识符|总和
      情况|1
      情况|2
        返回
          字面量|1
      情况|3
        返回
          字面量|3
      默认
        返回
          字面量|0
      遍历
        标识符|名单
        循环变量|项
        块
          标识符|打印
          调用|参数数=1
            标识符|项
      变量|标志
        类型|布尔
        字面量|真
      变量|名
        类型|字符串
        字面量|"测试"
      变量|p
        类型|点
        标识符|点
      块
        标识符|x
        赋值|=
          字面量|1
        标识符|y
        赋值|=
          字面量|2
      变量|指针
        类型|整64
        类型后缀|*
        一元|&
          标识符|总和
      变量|值
        类型|整64
        标识符|三元
        三元
          字面量|1
          字面量|2
      返回
        强制转换|整64
          标识符|值
        二元|+
          标识符|参数
