[p6h] 已解析: target/audit2/v2src82/模块甲.cn 节点=6
[p6h] 已解析: target/audit2/v2src82/主.cn 节点=22
[sem5] 正确诊断: [错误] 符号 '隐藏类' 为模块 '模块甲' 私有（未以 公开: 标注），不可导入（规格08 5.9.3）（行=8）
[sem5] 正确诊断: [错误] 未声明的类型: 隐藏类（行=7）
[sem5] 正确诊断: [错误] 符号 '隐藏类' 为模块 '模块甲' 私有（未以 公开: 标注），不可限定调用（规格08 5.9.3）（行=7）
[sem5] 正确诊断: [错误] 符号 '隐藏类' 为模块 '模块甲' 私有（未以 公开: 标注），不可限定调用（规格08 5.9.3）（行=7）
[sem5] 语义错误 4 个，中止 IR 生成与代码生成（退出码 1）
